
> cv-os-coach@0.1.1 build
> next build

   ▲ Next.js 14.0.4
   - Environments: .env.local

   Creating an optimized production build ...
 ✓ Compiled successfully
   Linting and checking validity of types ...

Failed to compile.

./app/(dashboard)/athlete/dashboard/page.tsx
85:8  Warning: React Hook useEffect has a missing dependency: 'supabase'. Either include it or remove the dependency array.  react-hooks/exhaustive-deps

./app/(dashboard)/gyms/new/page.tsx
161:37  Warning: Using `<img>` could result in slower LCP and higher bandwidth. Consider using `<Image />` from `next/image` to automatically optimize images. This may incur additional usage or cost from your provider. See: https://nextjs.org/docs/messages/no-img-element  @next/next/no-img-element

./components/app-shell/NotificationBell.tsx
56:8  Warning: React Hook useEffect has a missing dependency: 'api'. Either include it or remove the dependency array.  react-hooks/exhaustive-deps

./components/app-shell/UserAvatar.tsx
74:8  Warning: React Hook useEffect has a missing dependency: 'supabase'. Either include it or remove the dependency array.  react-hooks/exhaustive-deps
87:17  Warning: Using `<img>` could result in slower LCP and higher bandwidth. Consider using `<Image />` from `next/image` to automatically optimize images. This may incur additional usage or cost from your provider. See: https://nextjs.org/docs/messages/no-img-element  @next/next/no-img-element

./components/editor/BlockEditor.tsx
252:22  Error: `"` can be escaped with `&quot;`, `&ldquo;`, `&#34;`, `&rdquo;`.  react/no-unescaped-entities
252:36  Error: `"` can be escaped with `&quot;`, `&ldquo;`, `&#34;`, `&rdquo;`.  react/no-unescaped-entities
352:32  Error: `"` can be escaped with `&quot;`, `&ldquo;`, `&#34;`, `&rdquo;`.  react/no-unescaped-entities
352:46  Error: `"` can be escaped with `&quot;`, `&ldquo;`, `&#34;`, `&rdquo;`.  react/no-unescaped-entities

./components/editor/InputCard.tsx
39:8  Warning: React Hook useEffect has missing dependencies: 'defaultValue', 'onChange', and 'value'. Either include them or remove the dependency array. If 'onChange' changes too often, find the parent component that defines it and wrap that definition in useCallback.  react-hooks/exhaustive-deps

./components/editor/MesocycleEditor.tsx
259:11  Warning: The 'validateBlockContent' function makes the dependencies of useCallback Hook (at line 325) change on every render. Move it inside the useCallback callback. Alternatively, wrap the definition of 'validateBlockContent' in its own useCallback() Hook.  react-hooks/exhaustive-deps

./components/editor/methodologies/AmrapEditor.tsx
50:8  Warning: React Hook useEffect has missing dependencies: 'onBatchChange' and 'onChange'. Either include them or remove the dependency array. If 'onBatchChange' changes too often, find the parent component that defines it and wrap that definition in useCallback.  react-hooks/exhaustive-deps

./components/editor/methodologies/EmomEditor.tsx
60:8  Warning: React Hook useEffect has a missing dependency: 'onChange'. Either include it or remove the dependency array. If 'onChange' changes too often, find the parent component that defines it and wrap that definition in useCallback.  react-hooks/exhaustive-deps

./components/editor/methodologies/TabataEditor.tsx
38:8  Warning: React Hook useEffect has a missing dependency: 'onChange'. Either include it or remove the dependency array. If 'onChange' changes too often, find the parent component that defines it and wrap that definition in useCallback.  react-hooks/exhaustive-deps

./components/exercises/ExerciseList.tsx
76:8  Warning: React Hook useEffect has missing dependencies: 'handleSearch' and 'initialQuery'. Either include them or remove the dependency array.  react-hooks/exhaustive-deps

./components/export/ExportPreview.tsx
178:41  Warning: Image elements must have an alt prop, either with meaningful text, or an empty string for decorative images.  jsx-a11y/alt-text
234:41  Warning: Using `<img>` could result in slower LCP and higher bandwidth. Consider using `<Image />` from `next/image` to automatically optimize images. This may incur additional usage or cost from your provider. See: https://nextjs.org/docs/messages/no-img-element  @next/next/no-img-element

./components/settings/SettingsForm.tsx
107:45  Warning: Using `<img>` could result in slower LCP and higher bandwidth. Consider using `<Image />` from `next/image` to automatically optimize images. This may incur additional usage or cost from your provider. See: https://nextjs.org/docs/messages/no-img-element  @next/next/no-img-element

info  - Need to disable some ESLint rules? Learn more here: https://nextjs.org/docs/basic-features/eslint#disabling-rules
